 Image dogfood-hackthedog-backend Building 
 Image dogfood-hackthedog-frontend Building 
#1 [internal] load local bake definitions
#1 reading from stdin 1.09kB done
#1 DONE 0.0s

#2 [frontend internal] load build definition from Dockerfile
#2 transferring dockerfile: 272B done
#2 DONE 0.0s

#3 [backend internal] load build definition from Dockerfile
#3 transferring dockerfile: 329B done
#3 DONE 0.0s

#4 [backend internal] load metadata for docker.io/library/maven:3.9-eclipse-temurin-21
#4 ...

#5 [frontend internal] load metadata for docker.io/library/nginx:alpine
#5 DONE 0.4s

#6 [frontend internal] load metadata for docker.io/library/node:22-alpine
#6 DONE 0.4s

#4 [backend internal] load metadata for docker.io/library/maven:3.9-eclipse-temurin-21
#4 DONE 0.5s

#7 [backend internal] load metadata for docker.io/library/eclipse-temurin:21-jre
#7 DONE 0.5s

#8 [frontend internal] load .dockerignore
#8 transferring context: 63B done
#8 DONE 0.0s

#9 [backend internal] load .dockerignore
#9 transferring context: 2B done
#9 DONE 0.0s

#10 [backend build 1/5] FROM docker.io/library/maven:3.9-eclipse-temurin-21@sha256:99e61abcff91a9b1333463bd8451fb18495d6eba9250ac66a338b518f8278320
#10 resolve docker.io/library/maven:3.9-eclipse-temurin-21@sha256:99e61abcff91a9b1333463bd8451fb18495d6eba9250ac66a338b518f8278320 0.0s done
#10 DONE 0.1s

#11 [frontend build 1/6] FROM docker.io/library/node:22-alpine@sha256:0a7108bf6c7bf5de370ffb1a3ed6be93d405b43ff159f681a8d18c0e2bc2e402
#11 resolve docker.io/library/node:22-alpine@sha256:0a7108bf6c7bf5de370ffb1a3ed6be93d405b43ff159f681a8d18c0e2bc2e402 0.0s done
#11 DONE 0.1s

#12 [backend stage-1 1/3] FROM docker.io/library/eclipse-temurin:21-jre@sha256:d7051a45dd955e4d5d1db4d3f4269fe13d1c6dff8cc6b7ef89fc8577b96c1982
#12 resolve docker.io/library/eclipse-temurin:21-jre@sha256:d7051a45dd955e4d5d1db4d3f4269fe13d1c6dff8cc6b7ef89fc8577b96c1982 0.1s done
#12 DONE 0.1s

#13 [frontend stage-1 1/3] FROM docker.io/library/nginx:alpine@sha256:df221db836e1754089190208cee7eeda94f233197056426eda74a43ab1abeac2
#13 resolve docker.io/library/nginx:alpine@sha256:df221db836e1754089190208cee7eeda94f233197056426eda74a43ab1abeac2 0.1s done
#13 DONE 0.1s

#14 [frontend internal] load build context
#14 transferring context: 905B done
#14 DONE 0.0s

#13 [frontend stage-1 1/3] FROM docker.io/library/nginx:alpine@sha256:df221db836e1754089190208cee7eeda94f233197056426eda74a43ab1abeac2
#13 DONE 0.1s

#15 [backend internal] load build context
#15 transferring context: 3.28kB done
#15 DONE 0.0s

#16 [backend build 4/5] COPY src ./src
#16 CACHED

#17 [backend build 2/5] WORKDIR /app
#17 CACHED

#18 [backend build 3/5] COPY pom.xml .
#18 CACHED

#19 [backend build 5/5] RUN mvn -q -DskipTests package
#19 CACHED

#20 [backend stage-1 2/3] WORKDIR /app
#20 CACHED

#21 [frontend build 4/6] RUN npm ci
#21 CACHED

#22 [frontend build 3/6] COPY package*.json ./
#22 CACHED

#23 [frontend build 2/6] WORKDIR /app
#23 CACHED

#24 [backend stage-1 3/3] COPY --from=build /app/target/dogfood-backend-0.0.1-SNAPSHOT.jar app.jar
#24 CACHED

#25 [frontend build 5/6] COPY . .
#25 CACHED

#26 [backend] exporting to image
#26 exporting layers done
#26 exporting manifest sha256:4e87637439a7303d7aedb7be9afbd007c32d44675d225c7fdbcceac97a8ece7a done
#26 exporting config sha256:4c93f2f50ff8e58d0dcac73b9e70770a90b67b53c818472edda04bcda0352ab6 done
#26 exporting attestation manifest sha256:b99cda6d35d7138d75cf2c829b826c1952f44a313211d6cbdf6710f05377c49e 0.0s done
#26 exporting manifest list sha256:c16ea5abc0adb08ff5ea9cf8fabd75629ac367a0d19899ba6404ed634f9ccca6
#26 exporting manifest list sha256:c16ea5abc0adb08ff5ea9cf8fabd75629ac367a0d19899ba6404ed634f9ccca6 0.0s done
#26 naming to docker.io/library/dogfood-hackthedog-backend:latest done
#26 unpacking to docker.io/library/dogfood-hackthedog-backend:latest 0.0s done
#26 DONE 0.1s

#27 [backend] resolving provenance for metadata file
#27 DONE 0.0s

#28 [frontend build 6/6] RUN npm run build
#28 0.565 
#28 0.565 > frontend@0.0.0 build
#28 0.565 > vite build
#28 0.565 
#28 1.034 vite v8.3.1 building client environment for production...
#28 1.050 transforming...
#28 1.179 ✓ 15 modules transformed.
#28 1.182 ✗ Build failed in 147ms
#28 1.183 error during build:
#28 1.183 Build failed with 1 error:
#28 1.183 
#28 1.183 [31m[builtin:vite-transform] [0mUnexpected token. Did you mean `{'>'}` or `&gt;`?
#28 1.183      [38;5;246m╭[0m[38;5;246m─[0m[38;5;246m[[0m src/App.jsx:312:19 [38;5;246m][0m
#28 1.183      [38;5;246m│[0m
#28 1.183  [38;5;246m312 │[0m [38;5;249m [0m[38;5;249m [0m[38;5;249m [0m[38;5;249m [0m[38;5;249m [0m[38;5;249m [0m[38;5;249m [0m[38;5;249m [0m[38;5;249m [0m[38;5;249m [0m[38;5;249m [0m[38;5;249m [0m[38;5;249m [0m[38;5;249m [0m[38;5;249m [0m[38;5;249m [0m[38;5;249m [0m[38;5;249m [0m[38;5;249m>[0m
#28 1.183  [38;5;240m    │[0m                   │ 
#28 1.183  [38;5;240m    │[0m                   ╰─ 
#28 1.183 [38;5;246m─────╯[0m
#28 1.183 
#28 1.183     at aggregateBindingErrorsIntoJsError (file:///app/node_modules/rolldown/dist/shared/error-C7pxws0W.mjs:48:18)
#28 1.183     at unwrapBindingResult (file:///app/node_modules/rolldown/dist/shared/error-C7pxws0W.mjs:18:128)
#28 1.183     at #build (file:///app/node_modules/rolldown/dist/shared/rolldown-CgWItHdG.mjs:133:34)
#28 1.183     at async buildEnvironment (file:///app/node_modules/vite/dist/node/chunks/node.js:34445:66)
#28 1.183     at async Object.build (file:///app/node_modules/vite/dist/node/chunks/node.js:34866:19)
#28 1.183     at async Object.buildApp (file:///app/node_modules/vite/dist/node/chunks/node.js:34863:153)
#28 1.183     at async CAC.<anonymous> (file:///app/node_modules/vite/dist/node/cli.js:780:3) {
#28 1.183   errors: [Getter/Setter]
#28 1.183 }
#28 ERROR: process "/bin/sh -c npm run build" did not complete successfully: exit code: 1
------
 > [frontend build 6/6] RUN npm run build:
1.183 
1.183     at aggregateBindingErrorsIntoJsError (file:///app/node_modules/rolldown/dist/shared/error-C7pxws0W.mjs:48:18)
1.183     at unwrapBindingResult (file:///app/node_modules/rolldown/dist/shared/error-C7pxws0W.mjs:18:128)
1.183     at #build (file:///app/node_modules/rolldown/dist/shared/rolldown-CgWItHdG.mjs:133:34)
1.183     at async buildEnvironment (file:///app/node_modules/vite/dist/node/chunks/node.js:34445:66)
1.183     at async Object.build (file:///app/node_modules/vite/dist/node/chunks/node.js:34866:19)
1.183     at async Object.buildApp (file:///app/node_modules/vite/dist/node/chunks/node.js:34863:153)
1.183     at async CAC.<anonymous> (file:///app/node_modules/vite/dist/node/cli.js:780:3) {
1.183   errors: [Getter/Setter]
1.183 }
------
Dockerfile:9

--------------------

   7 |     

   8 |     COPY . .

   9 | >>> RUN npm run build

  10 |     

  11 |     FROM nginx:alpine

--------------------

target frontend: failed to solve: process "/bin/sh -c npm run build" did not complete successfully: exit code: 1

